// Jest Snapshot v1, https://goo.gl/fbAQLP

exports[`snapshot 1`] = `
<div
  data-reactroot=""
>
  <button>
    Back
  </button>
  <button>
    Next
  </button>
</div>
`;
