// Jest Snapshot v1, https://goo.gl/fbAQLP

exports[`snapshot 1`] = `
<div
  data-reactroot=""
>
  <input
    placeholder="ross@example.com"
    style="width: 350px;"
    type="text"
  />
  <span
    style="color: red;"
  />
</div>
`;
